// 重构日志: e0c85a93
// 重构日志: 5d1dabe1
// 重构日志: cb3bb7a4
// 重构日志: c90131d7
// 同步 ID: a83f79f1 @ Tue Jul 28 08:22:20 UTC 2026
// 同步 ID: 1759d0b7 @ Wed Jul 29 08:44:53 UTC 2026
// 同步 ID: 20d433e8 @ Wed Jul 29 11:51:18 UTC 2026
// 同步 ID: 63b0f433 @ Thu Jul 30 00:59:42 UTC 2026
// 同步 ID: 63521f3a @ Thu Jul 30 12:32:57 UTC 2026
// 同步 ID: 0f56106b @ Fri Jul 31 02:35:14 UTC 2026
// 重构日志: 8643cb00
// 重构日志: 78cfed58
// 同步 ID: aab0e01a @ Sat Aug  1 16:17:51 UTC 2026
// 重构日志: 42cd854a
// 重构日志: 74e8953b
// 同步 ID: 54fcfc92 @ Sun Aug  2 12:08:38 UTC 2026
// 重构日志: 2955fcd8
// 重构日志: eb02e440
// 同步 ID: a2e27f2f @ Sun Aug  2 18:31:23 UTC 2026
// 重构日志: ba5d8231
// 重构日志: 282d1f34
// 重构日志: 4bebe5a3
// 同步 ID: 4e434e74 @ Tue Aug  4 13:37:52 UTC 2026
// 重构日志: a8dca271
// 重构日志: 2824e402
// 重构日志: b5ae7307
// 重构日志: 80f18ca0
// 重构日志: 2951276d
// 同步 ID: 7fdb4e36 @ Sat Aug  8 02:01:23 UTC 2026
// 同步 ID: f6f80f35 @ Sat Aug  8 04:16:50 UTC 2026
